裸基座去重后 120 条
  bare_deepseek-v4-pro_G01_Pirfenidone: cooc=3 z=0.04 L1
  bare_deepseek-v4-pro_G01_Terbinafine: cooc=8 z=1.75 L1
  bare_deepseek-v4-pro_G01_Prazosin: cooc=2 z=-3.06 L2
  bare_deepseek-v4-pro_G02_Disulfiram: cooc=60 z=21.52 L1
  bare_deepseek-v4-pro_G02_Itraconazole: cooc=12 z=-1.29 L2
  bare_deepseek-v4-pro_G02_Verapamil: cooc=30 z=-0.86 L1
  bare_deepseek-v4-pro_G02_Clemastine: cooc=1 z=0.33 L2
  bare_deepseek-v4-pro_G03_Mebendazole: cooc=1 z=-0.12 L2
  bare_deepseek-v4-pro_G03_Diclofenac: cooc=1 z=-2.43 L2
  bare_deepseek-v4-pro_G03_Ezetimibe: cooc=1 z=-0.93 L2
  bare_deepseek-v4-pro_G03_Tranylcypromine: cooc=0 z=-0.90 L2
  bare_deepseek-v4-pro_G04_Drospirenone: cooc=0 z=-0.97 L2
  bare_deepseek-v4-pro_G04_Acamprosate: cooc=3 z=2.26 L1
  bare_deepseek-v4-pro_G04_Colchicine: cooc=8 z=-2.32 L2
  bare_deepseek-v4-pro_G04_Alosetron: cooc=0 z=-0.53 L2
  bare_deepseek-v4-pro_G05_Doxycycline: cooc=85 z=-1.39 L2
  bare_deepseek-v4-pro_G05_Sildenafil: cooc=57 z=2.56 L1
  bare_deepseek-v4-pro_G05_Candesartan: cooc=24 z=2.19 L1
  bare_deepseek-v4-pro_G06_Fluvoxamine: cooc=2 z=0.38 L2
  bare_deepseek-v4-pro_G06_Pirfenidone: cooc=13 z=10.87 L1
  bare_deepseek-v4-pro_G06_Verapamil: cooc=6 z=-1.58 L2
  bare_deepseek-v4-pro_G06_Lapatinib: cooc=5 z=2.63 L1
  bare_deepseek-v4-pro_G07_Disulfiram: cooc=6 z=3.41 L1
  bare_deepseek-v4-pro_G07_Verapamil: cooc=1 z=-2.70 L2
  bare_deepseek-v4-pro_G07_Roflumilast: cooc=9 z=13.63 L1
  bare_deepseek-v4-pro_G07_Deferoxamine: cooc=6 z=2.68 L1
  bare_deepseek-v4-pro_G08_Paroxetine: cooc=0 z=-1.10 L2
  bare_deepseek-v4-pro_G08_Bumetanide: cooc=0 z=-0.79 L2
  bare_deepseek-v4-pro_G08_Colchicine: cooc=1 z=-1.40 L2
  bare_deepseek-v4-pro_G08_Methotrexate: cooc=14 z=1.29 L1
shard 3 done, fail=0
