  Mebendazole→Acute myeloid leukemia: 5 abs
  Leflunomide→Acute myeloid leukemia: 5 abs
  Niclosamide→Glioblastoma: 5 abs
  Metformin→Glioblastoma: 5 abs
  Acamprosate→Amyotrophic lateral sclerosis: 3 abs
  Levosimendan→Amyotrophic lateral sclerosis: 5 abs
  Valacyclovir→Alzheimer's disease: 5 abs
  Pirfenidone→Pulmonary arterial hypertension: 5 abs
  Disulfiram→Idiopathic pulmonary fibrosis: 5 abs
  Roflumilast→Idiopathic pulmonary fibrosis: 5 abs
  Colchicine→Idiopathic pulmonary fibrosis: 5 abs
  Methotrexate→Non-alcoholic steatohepatitis: 5 abs
  Verapamil→Drug-resistant tuberculosis: 5 abs
  Disulfiram→Inflammatory bowel disease: 5 abs
  Anakinra→Systemic lupus erythematosus: 5 abs
  Atorvastatin→Glioblastoma: 5 abs
  Valproic Acid→Glioblastoma: 5 abs
  Chloroquine→Pancreatic ductal adenocarcinoma: 5 abs
  Metformin→Glioblastoma: 5 abs
  Penfluridol→Glioblastoma: 5 abs
  Auranofin→Glioblastoma: 5 abs
  Atorvastatin→Pancreatic ductal adenocarcinoma: 5 abs
  Metformin→Idiopathic pulmonary fibrosis: 5 abs
  Canagliflozin→Pulmonary arterial hypertension: 4 abs
  Ruxolitinib→Idiopathic pulmonary fibrosis: 5 abs
  Colchicine→Pulmonary arterial hypertension: 5 abs
  Empagliflozin→Non-alcoholic steatohepatitis: 5 abs
  Losartan→Non-alcoholic steatohepatitis: 5 abs
  Dimethyl fumarate→Systemic lupus erythematosus: 5 abs
  Clofazimine→Drug-resistant tuberculosis: 5 abs
shard 3 done
