  Disulfiram→Acute myeloid leukemia: 5 abs
  Itraconazole→Acute myeloid leukemia: 5 abs
  Disulfiram→Glioblastoma: 5 abs
  Auranofin→Glioblastoma: 5 abs
  Fluvoxamine→Glioblastoma: 4 abs
  Ritonavir→Pancreatic ductal adenocarcinoma: 3 abs
  Sildenafil→Alzheimer's disease: 5 abs
  Zileuton→Alzheimer's disease: 5 abs
  Pyridostigmine→Alzheimer's disease: 5 abs
  Chloroquine→Pulmonary arterial hypertension: 5 abs
  Deferoxamine→Idiopathic pulmonary fibrosis: 5 abs
  Metformin→Idiopathic pulmonary fibrosis: 5 abs
  Metformin→Drug-resistant tuberculosis: 4 abs
  Bromocriptine→Systemic lupus erythematosus: 5 abs
  Dapagliflozin→Systemic lupus erythematosus: 5 abs
  Zileuton→Inflammatory bowel disease: 5 abs
  Artemisinin→Glioblastoma: 5 abs
  Pimozide→Glioblastoma: 5 abs
  Disulfiram→Pancreatic ductal adenocarcinoma: 5 abs
  Niclosamide→Glioblastoma: 5 abs
  Metformin→Pancreatic ductal adenocarcinoma: 5 abs
  Metformin→Pulmonary arterial hypertension: 5 abs
  Atorvastatin→Pulmonary arterial hypertension: 5 abs
  Pirfenidone→Pulmonary arterial hypertension: 5 abs
  Colchicine→Idiopathic pulmonary fibrosis: 5 abs
  Metformin→Non-alcoholic steatohepatitis: 5 abs
  Methotrexate→Pulmonary arterial hypertension: 5 abs
  Tirzepatide→Non-alcoholic steatohepatitis: 5 abs
  Metformin→Drug-resistant tuberculosis: 4 abs
  Fingolimod→Systemic lupus erythematosus: 5 abs
  Dapagliflozin→Systemic lupus erythematosus: 5 abs
shard 1 done
