  Pirfenidone→Acute myeloid leukemia: 3 abs
  Sulfasalazine→Acute myeloid leukemia: 5 abs
  Mefloquine→Glioblastoma: 5 abs
  Leflunomide→Glioblastoma: 5 abs
  Disulfiram→Pancreatic ductal adenocarcinoma: 5 abs
  Teriflunomide→Amyotrophic lateral sclerosis: 3 abs
  Candesartan→Alzheimer's disease: 5 abs
  Acetazolamide→Alzheimer's disease: 5 abs
  Lapatinib→Pulmonary arterial hypertension: 5 abs
  Thalidomide→Idiopathic pulmonary fibrosis: 5 abs
  Pentoxifylline→Idiopathic pulmonary fibrosis: 4 abs
  Celecoxib→Non-alcoholic steatohepatitis: 5 abs
  Propranolol→Drug-resistant tuberculosis: 3 abs
  Tofacitinib→Systemic lupus erythematosus: 5 abs
  Dimethyl fumarate→Systemic lupus erythematosus: 5 abs
  Sildenafil→Systemic lupus erythematosus: 5 abs
  Dapsone→Inflammatory bowel disease: 5 abs
  Cannabidiol→Glioblastoma: 5 abs
  Auranofin→Pancreatic ductal adenocarcinoma: 5 abs
  Thioridazine→Glioblastoma: 5 abs
  Mebendazole→Glioblastoma: 5 abs
  Dimethyl fumarate→Pulmonary arterial hypertension: 4 abs
  Empagliflozin→Pulmonary arterial hypertension: 5 abs
  Sildenafil→Idiopathic pulmonary fibrosis: 5 abs
  Baricitinib→Idiopathic pulmonary fibrosis: 5 abs
  Pioglitazone→Non-alcoholic steatohepatitis: 5 abs
  Atorvastatin→Non-alcoholic steatohepatitis: 5 abs
  Sitagliptin→Non-alcoholic steatohepatitis: 5 abs
  Metronidazole→Drug-resistant tuberculosis: 3 abs
  Fenofibrate→Non-alcoholic steatohepatitis: 5 abs
shard 2 done
