  Auranofin→Acute myeloid leukemia: 5 abs
  Terbinafine→Acute myeloid leukemia: 5 abs
  Verapamil→Acute myeloid leukemia: 5 abs
  Verapamil→Glioblastoma: 5 abs
  Paroxetine→Glioblastoma: 5 abs
  Telmisartan→Amyotrophic lateral sclerosis: 3 abs
  Canagliflozin→Alzheimer's disease: 5 abs
  Canagliflozin→Pulmonary arterial hypertension: 4 abs
  Celecoxib→Alzheimer's disease: 5 abs
  Zileuton→Idiopathic pulmonary fibrosis: 3 abs
  Sildenafil→Idiopathic pulmonary fibrosis: 5 abs
  Itraconazole→Idiopathic pulmonary fibrosis: 5 abs
  Ezetimibe→Non-alcoholic steatohepatitis: 5 abs
  Denosumab→Systemic lupus erythematosus: 5 abs
  Pirfenidone→Systemic lupus erythematosus: 5 abs
  Ursodeoxycholic acid→Systemic lupus erythematosus: 5 abs
  Tranilast→Inflammatory bowel disease: 3 abs
  Disulfiram→Glioblastoma: 5 abs
  Vorinostat→Inflammatory bowel disease: 5 abs
  Chloroquine→Glioblastoma: 5 abs
  Losartan→Pancreatic ductal adenocarcinoma: 5 abs
  Liraglutide→Pulmonary arterial hypertension: 3 abs
  Dapagliflozin→Pulmonary arterial hypertension: 5 abs
  Spironolactone→Pulmonary arterial hypertension: 5 abs
  Losartan→Idiopathic pulmonary fibrosis: 5 abs
  Semaglutide→Non-alcoholic steatohepatitis: 5 abs
  Canagliflozin→Non-alcoholic steatohepatitis: 5 abs
  Obeticholic acid→Non-alcoholic steatohepatitis: 5 abs
  Azithromycin→Drug-resistant tuberculosis: 3 abs
  Liraglutide→Non-alcoholic steatohepatitis: 5 abs
  Pioglitazone→Systemic lupus erythematosus: 5 abs
shard 0 done
