裸基座去重后 269 条
  ✗ bare_deepseek-v4-pro_G07_Nintedanib: OverflowError
  bare_deepseek-v4-pro_G09_Disulfiram: cooc=1 z=0.56 L2
  bare_deepseek-v4-pro_G09_Ursodeoxycholic acid: cooc=0 z=-0.92 L2
  bare_deepseek-v4-pro_G09_Sildenafil: cooc=0 z=-1.06 L2
  bare_deepseek-v4-pro_G09_Simvastatin: cooc=1 z=-0.47 L2
  bare_deepseek-v4-pro_G10_Dapagliflozin: cooc=6 z=-0.47 L1
  bare_deepseek-v4-pro_G10_Anakinra: cooc=56 z=21.18 L1
  bare_deepseek-v4-pro_G10_Ursodeoxycholic acid: cooc=18 z=2.27 L1
  bare_deepseek-v4-pro_G10_Allopurinol: cooc=10 z=-1.17 L2
  bare_deepseek-v4-pro_G11_Dapsone: cooc=44 z=11.30 L1
  bare_deepseek-v4-pro_G11_Clopidogrel: cooc=5 z=-4.56 L2
  bare_deepseek-v4-pro_G11_Vorinostat: cooc=6 z=1.08 L1
  bare_qwen3.7-max_G02_Metformin: cooc=128 z=10.58 L1
  bare_qwen3.7-max_G02_Niclosamide: cooc=9 z=5.07 L1
  bare_qwen3.7-max_G02_Mebendazole: cooc=21 z=9.68 L1
  bare_qwen3.7-max_G02_Auranofin: cooc=20 z=11.66 L1
  bare_qwen3.7-max_G03_Atorvastatin: cooc=7 z=0.49 L1
  bare_qwen3.7-max_G03_Niclosamide: cooc=2 z=1.66 L2
  bare_qwen3.7-max_G03_Mebendazole: cooc=1 z=-0.12 L2
  bare_qwen3.7-max_G03_Penfluridol: cooc=1 z=2.34 L2
  bare_qwen3.7-max_G06_Semaglutide: cooc=2 z=-0.17 L2
  bare_qwen3.7-max_G06_Ticagrelor: cooc=0 z=-1.50 L2
  bare_qwen3.7-max_G06_Colchicine: cooc=7 z=-0.78 L1
  bare_qwen3.7-max_G06_Methotrexate: cooc=24 z=-0.28 L1
  bare_qwen3.7-max_G07_Pioglitazone: cooc=1 z=-1.02 L2
  bare_qwen3.7-max_G07_Dapagliflozin: cooc=0 z=-1.29 L2
  bare_qwen3.7-max_G07_Acarbose: cooc=0 z=-1.34 L2
  ✗ bare_qwen3.7-max_G08_Dapagliflozin: HTTPError
  bare_qwen3.7-max_G08_Liraglutide: cooc=48 z=46.91 L1
  bare_qwen3.7-max_G08_Fenofibrate: cooc=23 z=24.79 L1
  bare_qwen3.7-max_G08_Acarbose: cooc=2 z=1.23 L2
  bare_qwen3.7-max_G09_Atovaquone: cooc=1 z=1.76 L2
  bare_qwen3.7-max_G09_Clofazimine: cooc=171 z=324.67 L1
  bare_qwen3.7-max_G09_Artesunate: cooc=0 z=-0.76 L2
  bare_qwen3.7-max_G09_Chloroquine: cooc=0 z=-1.78 L2
  bare_qwen3.7-max_G10_Pioglitazone: cooc=10 z=-0.50 L1
  bare_qwen3.7-max_G10_Spironolactone: cooc=5 z=-2.24 L2
  bare_qwen3.7-max_G10_Dapagliflozin: cooc=6 z=-0.47 L1
shard 1 done, fail=2
