  Mebendazole → Acute myeloid leukemia: 5 abs
  Safinamide → Alzheimer's disease: 5 abs
  Dapagliflozin → Pulmonary arterial hypertension: 5 abs
  Niclosamide → Alzheimer's disease: 4 abs
  Fluoxetine → Alzheimer's disease: 5 abs
  Disulfiram → Acute myeloid leukemia: 5 abs
  Riluzole → Inflammatory bowel disease: 3 abs
  Pirfenidone → Acute myeloid leukemia: 3 abs
  Colchicine → Amyotrophic lateral sclerosis: 5 abs
  Aspirin → Pancreatic ductal adenocarcinoma: 5 abs
  Atorvastatin → Systemic lupus erythematosus: 5 abs
  Atorvastatin → Pancreatic ductal adenocarcinoma: 5 abs
  Ezetimibe → Non-alcoholic steatohepatitis: 5 abs
  Canagliflozin → Pulmonary arterial hypertension: 4 abs
  Metformin → Pancreatic ductal adenocarcinoma: 5 abs
  Fingolimod → Amyotrophic lateral sclerosis: 5 abs
  Niclosamide → Acute myeloid leukemia: 4 abs
  Ibudilast → Amyotrophic lateral sclerosis: 5 abs
  Fenofibrate → Non-alcoholic steatohepatitis: 5 abs
  Metformin → Inflammatory bowel disease: 5 abs
  Colchicine → Systemic lupus erythematosus: 5 abs
  Rosuvastatin → Non-alcoholic steatohepatitis: 5 abs
  Baricitinib → Idiopathic pulmonary fibrosis: 5 abs
  Metformin → Inflammatory bowel disease: 5 abs
  Ivermectin → Glioblastoma: 5 abs
  Thioridazine → Acute myeloid leukemia: 5 abs
  Artesunate → Acute myeloid leukemia: 5 abs
  Liraglutide → Pulmonary arterial hypertension: 3 abs
  Ibrutinib → Systemic lupus erythematosus: 5 abs
  Mebendazole → Acute myeloid leukemia: 5 abs
  Acamprosate → Amyotrophic lateral sclerosis: 3 abs
  Niclosamide → Glioblastoma: 5 abs
  Niclosamide → Amyotrophic lateral sclerosis: 5 abs
  Montelukast → Inflammatory bowel disease: 5 abs
  Metformin → Drug-resistant tuberculosis: 4 abs
  Valproic acid → Glioblastoma: 5 abs
  Tauroursodeoxycholic acid → Amyotrophic lateral sclerosis: 5 abs
  Dimethyl fumarate → Pulmonary arterial hypertension: 4 abs
  Dimethyl fumarate → Amyotrophic lateral sclerosis: 5 abs
shard 2 done
