  Probenecid → Alzheimer's disease: 5 abs
  Celecoxib → Alzheimer's disease: 5 abs
  Losartan → Inflammatory bowel disease: 5 abs
  Fluoxetine → Inflammatory bowel disease: 5 abs
  Empagliflozin → Inflammatory bowel disease: 5 abs
  Rosiglitazone → Pulmonary arterial hypertension: 5 abs
  Doxycycline → Drug-resistant tuberculosis: 3 abs
  Paroxetine → Inflammatory bowel disease: 5 abs
  Losartan → Systemic lupus erythematosus: 5 abs
  Allopurinol → Inflammatory bowel disease: 5 abs
  Chloroquine → Acute myeloid leukemia: 0 abs
  Digoxin → Acute myeloid leukemia: 5 abs
  Metformin → Acute myeloid leukemia: 5 abs
  Spironolactone → Systemic lupus erythematosus: 5 abs
  TUDCA → Inflammatory bowel disease: 5 abs
  Artesunate → Glioblastoma: 5 abs
  Baricitinib → Amyotrophic lateral sclerosis: 3 abs
  Deferiprone → Amyotrophic lateral sclerosis: 5 abs
  Dapagliflozin → Pulmonary arterial hypertension: 5 abs
  Canagliflozin → Non-alcoholic steatohepatitis: 5 abs
  Semaglutide → Amyotrophic lateral sclerosis: 3 abs
  Dipyridamole → Glioblastoma: 5 abs
  Ketoconazole → Glioblastoma: 5 abs
  Verapamil → Amyotrophic lateral sclerosis: 5 abs
  Metformin → Alzheimer's disease: 5 abs
  Empagliflozin → Pulmonary arterial hypertension: 5 abs
  Ruxolitinib → Pulmonary arterial hypertension: 5 abs
  Pioglitazone → Systemic lupus erythematosus: 5 abs
  Isotretinoin → Inflammatory bowel disease: 5 abs
  Atorvastatin → Glioblastoma: 5 abs
  Pentoxifylline → Systemic lupus erythematosus: 5 abs
  Dapagliflozin → Non-alcoholic steatohepatitis: 5 abs
  Auranofin → Acute myeloid leukemia: 5 abs
  Metformin → Amyotrophic lateral sclerosis: 5 abs
  Dextromethorphan → Treatment-resistant depression: 5 abs
  Ursodeoxycholic acid → Alzheimer's disease: 5 abs
  Ursodeoxycholic acid → Non-alcoholic steatohepatitis: 5 abs
  Dimethyl fumarate → Systemic lupus erythematosus: 5 abs
  Dimethyl fumarate → Alzheimer's disease: 5 abs
shard 3 done
