  Apremilast → Inflammatory bowel disease: 5 abs
  Losartan → Non-alcoholic steatohepatitis: 5 abs
  Atorvastatin → Inflammatory bowel disease: 5 abs
  Mebendazole → Glioblastoma: 5 abs
  Pentoxifylline → Non-alcoholic steatohepatitis: 5 abs
  Rosiglitazone → Alzheimer's disease: 5 abs
  Verapamil → Amyotrophic lateral sclerosis: 5 abs
  Minocycline → Inflammatory bowel disease: 5 abs
  Terazosin → Amyotrophic lateral sclerosis: 3 abs
  Metformin → Idiopathic pulmonary fibrosis: 0 abs
  Metformin → Glioblastoma: 5 abs
  Losartan → Idiopathic pulmonary fibrosis: 5 abs
  Simvastatin → Idiopathic pulmonary fibrosis: 5 abs
  Pimozide → Acute myeloid leukemia: 5 abs
  Omeprazole → Idiopathic pulmonary fibrosis: 5 abs
  Disulfiram → Acute myeloid leukemia: 5 abs
  Rapamycin → Amyotrophic lateral sclerosis: 5 abs
  Chloroquine → Pancreatic ductal adenocarcinoma: 5 abs
  Metformin → Amyotrophic lateral sclerosis: 5 abs
  Digoxin → Glioblastoma: 5 abs
  Empagliflozin → Alzheimer's disease: 5 abs
  Semaglutide → Non-alcoholic steatohepatitis: 5 abs
  Spironolactone → Inflammatory bowel disease: 5 abs
  Spironolactone → Glioblastoma: 5 abs
  Celecoxib → Treatment-resistant depression: 3 abs
  Ceftriaxone → Amyotrophic lateral sclerosis: 5 abs
  Verapamil → Drug-resistant tuberculosis: 5 abs
  Baricitinib → Systemic lupus erythematosus: 5 abs
  Vorinostat → Pulmonary arterial hypertension: 5 abs
  Statins → Pancreatic ductal adenocarcinoma: 5 abs
  Pioglitazone → Non-alcoholic steatohepatitis: 5 abs
  Atorvastatin → Acute myeloid leukemia: 5 abs
  Canagliflozin → Alzheimer's disease: 5 abs
  Maraviroc → Inflammatory bowel disease: 3 abs
  Minocycline → Treatment-resistant depression: 5 abs
  Dimethyl fumarate → Systemic lupus erythematosus: 5 abs
  Ursodeoxycholic acid → Amyotrophic lateral sclerosis: 5 abs
  Dimethyl fumarate → Inflammatory bowel disease: 5 abs
  Obeticholic acid → Non-alcoholic steatohepatitis: 5 abs
shard 1 done
