  Disulfiram → Pancreatic ductal adenocarcinoma: 5 abs
  Minocycline → Alzheimer's disease: 5 abs
  Atorvastatin → Acute myeloid leukemia: 5 abs
  Apremilast → Systemic lupus erythematosus: 5 abs
  Sildenafil → Alzheimer's disease: 5 abs
  Dapagliflozin → Alzheimer's disease: 5 abs
  Verapamil → Inflammatory bowel disease: 5 abs
  Itraconazole → Acute myeloid leukemia: 5 abs
  Febuxostat → Alzheimer's disease: 5 abs
  Fingolimod → Inflammatory bowel disease: 5 abs
  Ruxolitinib → Systemic lupus erythematosus: 5 abs
  Auranofin → Pancreatic ductal adenocarcinoma: 5 abs
  Liraglutide → Non-alcoholic steatohepatitis: 5 abs
  Sildenafil → Idiopathic pulmonary fibrosis: 5 abs
  Sitagliptin → Non-alcoholic steatohepatitis: 5 abs
  Colchicine → Pulmonary arterial hypertension: 5 abs
  Haloperidol → Glioblastoma: 5 abs
  Metformin → Pulmonary arterial hypertension: 5 abs
  Empagliflozin → Non-alcoholic steatohepatitis: 0 abs
  Disulfiram → Glioblastoma: 5 abs
  Colchicine → Idiopathic pulmonary fibrosis: 5 abs
  Sulfasalazine → Acute myeloid leukemia: 5 abs
  Sulfasalazine → Glioblastoma: 5 abs
  Empagliflozin → Inflammatory bowel disease: 5 abs
  Dapagliflozin → Systemic lupus erythematosus: 5 abs
  Pioglitazone → Amyotrophic lateral sclerosis: 5 abs
  Metformin → Non-alcoholic steatohepatitis: 5 abs
  Fasudil → Amyotrophic lateral sclerosis: 5 abs
  Niclosamide → Acute myeloid leukemia: 4 abs
  Artemisinin → Acute myeloid leukemia: 5 abs
  Disulfiram → Pancreatic ductal adenocarcinoma: 5 abs
  Fingolimod → Amyotrophic lateral sclerosis: 5 abs
  Auranofin → Acute myeloid leukemia: 5 abs
  Metformin → Systemic lupus erythematosus: 5 abs
  Riluzole → Treatment-resistant depression: 5 abs
  Teriflunomide → Systemic lupus erythematosus: 4 abs
  Tauroursodeoxycholic acid → Inflammatory bowel disease: 5 abs
  Sulfasalazine → Acute myeloid leukemia: 5 abs
  Valproic acid → Acute myeloid leukemia: 5 abs
shard 0 done
