shard 1: 待跑 77 条
  [1] 1/77 Disulfiram→Pancreatic duc: 原=存疑 反=存疑
  [1] 2/77 Apremilast→Inflammatory b: 原=存疑 反=存疑
  [1] 3/77 Dasatinib→Drug-resistant: 原=存疑 反=存疑
  [1] 4/77 Losartan→Non-alcoholic : 原=存疑 反=存疑
  [1] 5/77 Zileuton→Drug-resistant: 原=存疑 反=存疑
  [1] 6/77 Celecoxib→Alzheimer's di: 原=不可以 反=不可以
  [1] 7/77 Montelukast→Non-alcoholic : 原=存疑 反=可以
  [1] 8/77 Pioglitazone→Drug-resistant: 原=存疑 反=存疑
  [1] 9/77 Pioglitazone→Treatment-resi: 原=存疑 反=存疑
  [1] 10/77 Niclosamide→Alzheimer's di: 原=存疑 反=存疑
  [1] 11/77 Probenecid→Inflammatory b: 原=存疑 反=存疑
  [1] 12/77 Fluvoxamine→Non-alcoholic : 原=存疑 反=存疑
  [1] 13/77 Terbinafine→Alzheimer's di: 原=存疑 反=存疑
  [1] 14/77 Pentoxifylline→Non-alcoholic : 原=? 反=存疑
  [1] 15/77 Mefloquine→Acute myeloid : 原=存疑 反=?
  [1] 16/77 Ranolazine→Non-alcoholic : 原=存疑 反=存疑
  [1] 17/77 Fluoxetine→Drug-resistant: 原=存疑 反=存疑
  [1] 18/77 Trifluoperazin→Amyotrophic la: 原=存疑 反=存疑
  [1] 19/77 Verapamil→Inflammatory b: 原=存疑 反=存疑
  [1] 20/77 Verapamil→Amyotrophic la: 原=存疑 反=存疑
  [1] 21/77 Mesalazine→Non-alcoholic : 原=存疑 反=存疑
  [1] 22/77 Itraconazole→Acute myeloid : 原=? 反=?
  [1] 23/77 Diltiazem→Pancreatic duc: 原=存疑 反=存疑
  [1] 24/77 N-acetylcystei→Drug-resistant: 原=可以 反=存疑
  [1] 25/77 Simvastatin→Drug-resistant: 原=存疑 反=可以
  [1] 26/77 Colchicine→Amyotrophic la: 原=存疑 反=?
  [1] 27/77 Fingolimod→Inflammatory b: 原=可以 反=可以
  [1] 28/77 Metformin→Idiopathic pul: 原=可以 反=可以
  [1] 29/77 Tofacitinib→Pulmonary arte: 原=存疑 反=存疑
  [1] 30/77 Metformin→Glioblastoma: 原=可以 反=存疑
  [1] 31/77 Auranofin→Pancreatic duc: 原=可以 反=可以
  [1] 32/77 Riociguat→Inflammatory b: 原=不可以 反=存疑
  [1] 33/77 Simvastatin→Idiopathic pul: 原=存疑 反=存疑
  [1] 34/77 Sildenafil→Idiopathic pul: 原=存疑 反=存疑
  [1] 35/77 Spironolactone→Systemic lupus: 原=不可以 反=存疑
  [1] 36/77 Omeprazole→Idiopathic pul: 原=存疑 反=存疑
  [1] 37/77 TUDCA→Inflammatory b: 原=可以 反=可以
  [1] 38/77 Fingolimod→Amyotrophic la: 原=存疑 反=可以
  [1] 39/77 Rapamycin→Amyotrophic la: 原=存疑 反=可以
  [1] 40/77 Metformin→Pulmonary arte: 原=可以 反=存疑
  [1] 41/77 Sparsentan→Pulmonary arte: 原=可以 反=不可以
  [1] 42/77 Fenofibrate→Non-alcoholic : 原=存疑 反=可以
  [1] 43/77 Acamprosate→Inflammatory b: 原=不可以 反=存疑
  [1] 44/77 Colchicine→Idiopathic pul: 原=不可以 反=不可以
  [1] 45/77 Ivermectin→Acute myeloid : 原=存疑 反=存疑
  [1] 46/77 Sulfasalazine→Acute myeloid : 原=可以 反=不可以
  [1] 47/77 Dipyridamole→Glioblastoma: 原=可以 反=存疑
  [1] 48/77 Acarbose→Systemic lupus: 原=不可以 反=不可以
  [1] 49/77 Allopurinol→Glioblastoma: 原=存疑 反=存疑
  [1] 50/77 Verapamil→Amyotrophic la: 原=存疑 反=存疑
  [1] 51/77 Celecoxib→Treatment-resi: 原=可以 反=不可以
  [1] 52/77 Pioglitazone→Amyotrophic la: 原=存疑 反=可以
  [1] 53/77 Thioridazine→Acute myeloid : 原=可以 反=存疑
  [1] 54/77 Artesunate→Acute myeloid : 原=可以 反=可以
  [1] 55/77 Artemisinin→Pancreatic duc: 原=可以 反=存疑
  [1] 56/77 Sildenafil→Non-alcoholic : 原=可以 反=可以
  [1] 57/77 Ibrutinib→Systemic lupus: 原=可以 反=存疑
  [1] 58/77 Statins→Pancreatic duc: 原=存疑 反=可以
  [1] 59/77 Atorvastatin→Glioblastoma: 原=存疑 反=存疑
  [1] 60/77 Minocycline→Non-alcoholic : 原=? 反=存疑
  [1] 61/77 Cimetidine→Drug-resistant: 原=存疑 反=存疑
  [1] 62/77 Dapagliflozin→Non-alcoholic : 原=可以 反=存疑
  [1] 63/77 Upadacitinib→Pulmonary arte: 原=存疑 反=存疑
  [1] 64/77 Auranofin→Drug-resistant: 原=可以 反=可以
  [1] 65/77 Maraviroc→Inflammatory b: 原=可以 反=可以
  [1] 66/77 Agomelatine→Systemic lupus: 原=不可以 反=存疑
  [1] 67/77 Riluzole→Treatment-resi: 原=存疑 反=不可以
  [1] 68/77 Minocycline→Treatment-resi: 原=存疑 反=可以
  [1] 69/77 Trimetazidine→Non-alcoholic : 原=存疑 反=存疑
  [1] 70/77 Dextromethorph→Treatment-resi: 原=可以 反=不可以
  [1] 71/77 Disulfiram→Amyotrophic la: 原=存疑 反=存疑
  [1] 72/77 Tranexamic aci→Glioblastoma: 原=存疑 反=不可以
  [1] 73/77 Tauroursodeoxy→Amyotrophic la: 原=可以 反=存疑
  [1] 74/77 Ursodeoxycholi→Non-alcoholic : 原=存疑 反=存疑
  [1] 75/77 Dimethyl fumar→Pulmonary arte: 原=可以 反=存疑
  [1] 76/77 Valproic acid→Acute myeloid : 原=可以 反=可以
  [1] 77/77 Dimethyl fumar→Amyotrophic la: 原=存疑 反=可以
shard 1 完成,77 条
