shard 0: 待跑 77 条
  [0] 1/77 Alogliptin→Systemic lupus: 原=存疑 反=存疑
  [0] 2/77 Ketotifen→Non-alcoholic : 原=存疑 反=存疑
  [0] 3/77 Eprosartan→Amyotrophic la: 原=存疑 反=存疑
  [0] 4/77 Roflumilast→Amyotrophic la: 原=存疑 反=存疑
  [0] 5/77 Dapagliflozin→Pancreatic duc: 原=可以 反=不可以
  [0] 6/77 Fenofibrate→Treatment-resi: 原=可以 反=存疑
  [0] 7/77 Atorvastatin→Inflammatory b: 原=存疑 反=存疑
  [0] 8/77 Losartan→Inflammatory b: 原=? 反=存疑
  [0] 9/77 Deferiprone→Non-alcoholic : 原=存疑 反=存疑
  [0] 10/77 Domperidone→Pulmonary arte: 原=不可以 反=不可以
  [0] 11/77 Selinexor→Pulmonary arte: 原=存疑 反=存疑
  [0] 12/77 Fluvoxamine→Pancreatic duc: 原=存疑 反=存疑
  [0] 13/77 Prazosin→Acute myeloid : 原=存疑 反=存疑
  [0] 14/77 Allopurinol→Non-alcoholic : 原=存疑 反=?
  [0] 15/77 Colchicine→Treatment-resi: 原=存疑 反=存疑
  [0] 16/77 Dapagliflozin→Alzheimer's di: 原=存疑 反=存疑
  [0] 17/77 Febuxostat→Systemic lupus: 原=存疑 反=存疑
  [0] 18/77 Fenofibrate→Amyotrophic la: 原=存疑 反=可以
  [0] 19/77 Rosiglitazone→Pulmonary arte: 原=存疑 反=存疑
  [0] 20/77 Probenecid→Treatment-resi: 原=存疑 反=存疑
  [0] 21/77 Candesartan→Amyotrophic la: 原=存疑 反=?
  [0] 22/77 Teriparatide→Pulmonary arte: 原=存疑 反=不可以
  [0] 23/77 Paroxetine→Inflammatory b: 原=? 反=不可以
  [0] 24/77 Mesalazine→Pancreatic duc: 原=存疑 反=不可以
  [0] 25/77 Niclosamide→Pulmonary arte: 原=存疑 反=存疑
  [0] 26/77 Terazosin→Amyotrophic la: 原=? 反=不可以
  [0] 27/77 Telmisartan→Idiopathic pul: 原=存疑 反=存疑
  [0] 28/77 Colchicine→Non-alcoholic : 原=存疑 反=存疑
  [0] 29/77 Ruxolitinib→Systemic lupus: 原=可以 反=存疑
  [0] 30/77 Digoxin→Pancreatic duc: 原=可以 反=不可以
  [0] 31/77 Empagliflozin→Systemic lupus: 原=存疑 反=不可以
  [0] 32/77 Atorvastatin→Pancreatic duc: 原=存疑 反=存疑
  [0] 33/77 Liraglutide→Non-alcoholic : 原=可以 反=存疑
  [0] 34/77 Metformin→Acute myeloid : 原=可以 反=可以
  [0] 35/77 Ivermectin→Pancreatic duc: 原=可以 反=存疑
  [0] 36/77 Sitagliptin→Non-alcoholic : 原=不可以 反=存疑
  [0] 37/77 Mebendazole→Pancreatic duc: 原=可以 反=不可以
  [0] 38/77 Disulfiram→Acute myeloid : 原=可以 反=可以
  [0] 39/77 Haloperidol→Glioblastoma: 原=可以 反=不可以
  [0] 40/77 Baricitinib→Amyotrophic la: 原=存疑 反=可以
  [0] 41/77 Deferiprone→Amyotrophic la: 原=可以 反=可以
  [0] 42/77 Metformin→Amyotrophic la: 原=存疑 反=可以
  [0] 43/77 Disulfiram→Glioblastoma: 原=可以 反=不可以
  [0] 44/77 Canagliflozin→Non-alcoholic : 原=可以 反=可以
  [0] 45/77 Empagliflozin→Alzheimer's di: 原=可以 反=存疑
  [0] 46/77 Semaglutide→Amyotrophic la: 原=存疑 反=存疑
  [0] 47/77 Rosuvastatin→Non-alcoholic : 原=存疑 反=存疑
  [0] 48/77 Spironolactone→Inflammatory b: 原=存疑 反=存疑
  [0] 49/77 Ketoconazole→Glioblastoma: 原=可以 反=不可以
  [0] 50/77 Metformin→Inflammatory b: 原=存疑 反=存疑
  [0] 51/77 Disulfiram→Drug-resistant: 原=可以 反=可以
  [0] 52/77 Metformin→Alzheimer's di: 原=存疑 反=存疑
  [0] 53/77 Ceftriaxone→Amyotrophic la: 原=不可以 反=不可以
  [0] 54/77 Verapamil→Drug-resistant: 原=可以 反=存疑
  [0] 55/77 Fasudil→Amyotrophic la: 原=可以 反=可以
  [0] 56/77 Pioglitazone→Systemic lupus: 原=可以 反=存疑
  [0] 57/77 Vorinostat→Pulmonary arte: 原=可以 反=存疑
  [0] 58/77 Artemisinin→Acute myeloid : 原=可以 反=可以
  [0] 59/77 Allopurinol→Idiopathic pul: 原=存疑 反=不可以
  [0] 60/77 Pioglitazone→Non-alcoholic : 原=可以 反=存疑
  [0] 61/77 Pentoxifylline→Systemic lupus: 原=存疑 反=?
  [0] 62/77 Niclosamide→Glioblastoma: 原=可以 反=可以
  [0] 63/77 Niclosamide→Amyotrophic la: 原=可以 反=可以
  [0] 64/77 Cimetidine→Pancreatic duc: 原=存疑 反=可以
  [0] 65/77 Metformin→Systemic lupus: 原=可以 反=存疑
  [0] 66/77 Ivabradine→Treatment-resi: 原=存疑 反=不可以
  [0] 67/77 Sildenafil→Treatment-resi: 原=存疑 反=可以
  [0] 68/77 Spironolactone→Treatment-resi: 原=存疑 反=存疑
  [0] 69/77 Deferiprone→Inflammatory b: 原=可以 反=存疑
  [0] 70/77 Zileuton→Systemic lupus: 原=存疑 反=存疑
  [0] 71/77 Raloxifene→Pulmonary arte: 原=存疑 反=存疑
  [0] 72/77 Ursodeoxycholi→Alzheimer's di: 原=存疑 反=存疑
  [0] 73/77 Ursodeoxycholi→Amyotrophic la: 原=? 反=存疑
  [0] 74/77 Dimethyl fumar→Idiopathic pul: 原=可以 反=可以
  [0] 75/77 Dimethyl fumar→Inflammatory b: 原=可以 反=可以
  [0] 76/77 Ursodeoxycholi→Treatment-resi: 原=存疑 反=存疑
  [0] 77/77 Dimethyl fumar→Treatment-resi: 原=存疑 反=可以
shard 0 完成,77 条
